// Jest Snapshot v1, https://goo.gl/fbAQLP

exports[`App renders learn react link 1`] = `
.c1 {
  display: -webkit-box;
  display: -webkit-flex;
  display: -ms-flexbox;
  display: flex;
  -webkit-box-pack: center;
  -webkit-justify-content: center;
  -ms-flex-pack: center;
  justify-content: center;
  -webkit-align-items: center;
  -webkit-box-align: center;
  -ms-flex-align: center;
  align-items: center;
  -webkit-flex-wrap: wrap;
  -ms-flex-wrap: wrap;
  flex-wrap: wrap;
  gap: 1rem;
  padding: 1rem;
  z-index: 4;
}

.c3 {
  max-width: 30rem;
  min-width: 30rem;
}

.c2 {
  border: 0.1rem solid hsl(0,0%,80%);
  border-radius: 0.4rem;
  height: 3.6rem;
  padding: 0 1rem;
}

.c2:focus {
  outline: none;
}

.c4 {
  display: -webkit-box;
  display: -webkit-flex;
  display: -ms-flexbox;
  display: flex;
  -webkit-align-items: center;
  -webkit-box-align: center;
  -ms-flex-align: center;
  align-items: center;
  gap: 1rem;
}

.c0 {
  padding: 1rem;
}

.c0 img {
  width: 17rem;
}

.c5 {
  display: -webkit-box;
  display: -webkit-flex;
  display: -ms-flexbox;
  display: flex;
  -webkit-box-pack: center;
  -webkit-justify-content: center;
  -ms-flex-pack: center;
  justify-content: center;
  -webkit-flex-wrap: wrap;
  -ms-flex-wrap: wrap;
  flex-wrap: wrap;
  gap: 2rem;
  padding: 1rem;
  overflow-x: auto;
}

.c5::-webkit-scrollbar {
  width: 0.5rem;
  background-color: #FFFFFF;
}

.c5::-webkit-scrollbar-track {
  border-radius: 1rem;
}

.c5::-webkit-scrollbar-thumb {
  background-color: #3ed3af;
  border-radius: 1rem;
}

.c5::-webkit-scrollbar-thumb:hover {
  background-color: #27f1c0;
}

<body>
  <div>
    <header
      class="c0"
    >
      <img
        alt=""
        src="/img/logo.png"
      />
    </header>
    <form
      class="c1"
      role="form"
    >
      <input
        class="c2"
        name="search"
        type="text"
      />
      <select
        class="c3"
        multiple=""
        options=""
      />
      <select
        options="[object Object],[object Object],[object Object],[object Object]"
      >
        <option
          value="name,asc"
        >
          Nome ASC
        </option>
        <option
          value="name,desc"
        >
          Nome DESC
        </option>
        <option
          value="national_number,asc"
        >
          Registro Nacional ASC
        </option>
        <option
          value="national_number,desc"
        >
          Registro Nacional DESC
        </option>
      </select>
      <div
        class="c4"
      >
        <label
          for="only-like"
        >
          Filtrar somente os favoritados
        </label>
        <input
          id="only-like"
          name="onlyLike"
          type="checkbox"
        />
      </div>
    </form>
    <div
      class="c5"
    />
  </div>
</body>
`;
